
R version 3.0.1 (2013-05-16) -- "Good Sport"
Copyright (C) 2013 The R Foundation for Statistical Computing
Platform: x86_64-apple-darwin10.8.0 (64-bit)

R is free software and comes with ABSOLUTELY NO WARRANTY.
You are welcome to redistribute it under certain conditions.
Type 'license()' or 'licence()' for distribution details.

  Natural language support but running in an English locale

R is a collaborative project with many contributors.
Type 'contributors()' for more information and
'citation()' on how to cite R or R packages in publications.

Type 'demo()' for some demos, 'help()' for on-line help, or
'help.start()' for an HTML browser interface to help.
Type 'q()' to quit R.

[R.app GUI 1.61 (6492) x86_64-apple-darwin10.8.0]

[History restored from /Users/Rexarski/.Rapp.history]

> haha
Error: object 'haha' not found
> haha = seq(1, 100, by=2)
> haha2 = seq(3, 10, len=50)
> haha2
 [1]  3.000000  3.142857  3.285714  3.428571  3.571429  3.714286  3.857143
 [8]  4.000000  4.142857  4.285714  4.428571  4.571429  4.714286  4.857143
[15]  5.000000  5.142857  5.285714  5.428571  5.571429  5.714286  5.857143
[22]  6.000000  6.142857  6.285714  6.428571  6.571429  6.714286  6.857143
[29]  7.000000  7.142857  7.285714  7.428571  7.571429  7.714286  7.857143
[36]  8.000000  8.142857  8.285714  8.428571  8.571429  8.714286  8.857143
[43]  9.000000  9.142857  9.285714  9.428571  9.571429  9.714286  9.857143
[50] 10.000000
> haha * haha2
 [1]   3.000000   9.428571  16.428571  24.000000  32.142857  40.857143
 [7]  50.142857  60.000000  70.428571  81.428571  93.000000 105.142857
[13] 117.857143 131.142857 145.000000 159.428571 174.428571 190.000000
[19] 206.142857 222.857143 240.142857 258.000000 276.428571 295.428571
[25] 315.000000 335.142857 355.857143 377.142857 399.000000 421.428571
[31] 444.428571 468.000000 492.142857 516.857143 542.142857 568.000000
[37] 594.428571 621.428571 649.000000 677.142857 705.857143 735.142857
[43] 765.000000 795.428571 826.428571 858.000000 890.142857 922.857143
[49] 956.142857 990.000000
> 
> seq(1, 10, by = 5)
[1] 1 6
> seq(1, 10, len=5)
[1]  1.00  3.25  5.50  7.75 10.00
> rbind(haha, haha2)
      [,1]     [,2]     [,3]     [,4]     [,5]      [,6]      [,7] [,8]
haha     1 3.000000 5.000000 7.000000 9.000000 11.000000 13.000000   15
haha2    3 3.142857 3.285714 3.428571 3.571429  3.714286  3.857143    4
           [,9]     [,10]     [,11]     [,12]     [,13]     [,14] [,15]
haha  17.000000 19.000000 21.000000 23.000000 25.000000 27.000000    29
haha2  4.142857  4.285714  4.428571  4.571429  4.714286  4.857143     5
          [,16]     [,17]     [,18]     [,19]     [,20]     [,21] [,22]
haha  31.000000 33.000000 35.000000 37.000000 39.000000 41.000000    43
haha2  5.142857  5.285714  5.428571  5.571429  5.714286  5.857143     6
          [,23]     [,24]     [,25]     [,26]     [,27]     [,28] [,29]
haha  45.000000 47.000000 49.000000 51.000000 53.000000 55.000000    57
haha2  6.142857  6.285714  6.428571  6.571429  6.714286  6.857143     7
          [,30]     [,31]     [,32]     [,33]     [,34]     [,35] [,36]
haha  59.000000 61.000000 63.000000 65.000000 67.000000 69.000000    71
haha2  7.142857  7.285714  7.428571  7.571429  7.714286  7.857143     8
          [,37]     [,38]     [,39]     [,40]     [,41]     [,42] [,43]
haha  73.000000 75.000000 77.000000 79.000000 81.000000 83.000000    85
haha2  8.142857  8.285714  8.428571  8.571429  8.714286  8.857143     9
          [,44]     [,45]     [,46]     [,47]     [,48]     [,49] [,50]
haha  87.000000 89.000000 91.000000 93.000000 95.000000 97.000000    99
haha2  9.142857  9.285714  9.428571  9.571429  9.714286  9.857143    10
> mat1 <- rbind(haha, haha2)
> mat1
      [,1]     [,2]     [,3]     [,4]     [,5]      [,6]      [,7] [,8]
haha     1 3.000000 5.000000 7.000000 9.000000 11.000000 13.000000   15
haha2    3 3.142857 3.285714 3.428571 3.571429  3.714286  3.857143    4
           [,9]     [,10]     [,11]     [,12]     [,13]     [,14] [,15]
haha  17.000000 19.000000 21.000000 23.000000 25.000000 27.000000    29
haha2  4.142857  4.285714  4.428571  4.571429  4.714286  4.857143     5
          [,16]     [,17]     [,18]     [,19]     [,20]     [,21] [,22]
haha  31.000000 33.000000 35.000000 37.000000 39.000000 41.000000    43
haha2  5.142857  5.285714  5.428571  5.571429  5.714286  5.857143     6
          [,23]     [,24]     [,25]     [,26]     [,27]     [,28] [,29]
haha  45.000000 47.000000 49.000000 51.000000 53.000000 55.000000    57
haha2  6.142857  6.285714  6.428571  6.571429  6.714286  6.857143     7
          [,30]     [,31]     [,32]     [,33]     [,34]     [,35] [,36]
haha  59.000000 61.000000 63.000000 65.000000 67.000000 69.000000    71
haha2  7.142857  7.285714  7.428571  7.571429  7.714286  7.857143     8
          [,37]     [,38]     [,39]     [,40]     [,41]     [,42] [,43]
haha  73.000000 75.000000 77.000000 79.000000 81.000000 83.000000    85
haha2  8.142857  8.285714  8.428571  8.571429  8.714286  8.857143     9
          [,44]     [,45]     [,46]     [,47]     [,48]     [,49] [,50]
haha  87.000000 89.000000 91.000000 93.000000 95.000000 97.000000    99
haha2  9.142857  9.285714  9.428571  9.571429  9.714286  9.857143    10
> dim(mat1)
[1]  2 50
> mat2 <- cbind(haha, haha2)
> mat2
      haha     haha2
 [1,]    1  3.000000
 [2,]    3  3.142857
 [3,]    5  3.285714
 [4,]    7  3.428571
 [5,]    9  3.571429
 [6,]   11  3.714286
 [7,]   13  3.857143
 [8,]   15  4.000000
 [9,]   17  4.142857
[10,]   19  4.285714
[11,]   21  4.428571
[12,]   23  4.571429
[13,]   25  4.714286
[14,]   27  4.857143
[15,]   29  5.000000
[16,]   31  5.142857
[17,]   33  5.285714
[18,]   35  5.428571
[19,]   37  5.571429
[20,]   39  5.714286
[21,]   41  5.857143
[22,]   43  6.000000
[23,]   45  6.142857
[24,]   47  6.285714
[25,]   49  6.428571
[26,]   51  6.571429
[27,]   53  6.714286
[28,]   55  6.857143
[29,]   57  7.000000
[30,]   59  7.142857
[31,]   61  7.285714
[32,]   63  7.428571
[33,]   65  7.571429
[34,]   67  7.714286
[35,]   69  7.857143
[36,]   71  8.000000
[37,]   73  8.142857
[38,]   75  8.285714
[39,]   77  8.428571
[40,]   79  8.571429
[41,]   81  8.714286
[42,]   83  8.857143
[43,]   85  9.000000
[44,]   87  9.142857
[45,]   89  9.285714
[46,]   91  9.428571
[47,]   93  9.571429
[48,]   95  9.714286
[49,]   97  9.857143
[50,]   99 10.000000
> dim(mat2)
[1] 50  2
> haha
 [1]  1  3  5  7  9 11 13 15 17 19 21 23 25 27 29 31 33 35 37 39 41 43 45 47 49
[26] 51 53 55 57 59 61 63 65 67 69 71 73 75 77 79 81 83 85 87 89 91 93 95 97 99
> haha[1:10]
 [1]  1  3  5  7  9 11 13 15 17 19
> haha[-10]
 [1]  1  3  5  7  9 11 13 15 17 21 23 25 27 29 31 33 35 37 39 41 43 45 47 49 51
[26] 53 55 57 59 61 63 65 67 69 71 73 75 77 79 81 83 85 87 89 91 93 95 97 99
> length(haha[-10])
[1] 49
> mat1[1, 1]
haha 
   1 
> mat1[1, 2]
haha 
   3 
> mat4 <- mat1
> assignment1 <- read.data.frame('c://hello//')
Error: could not find function "read.data.frame"
> ?read.data.fram
No documentation for ‘read.data.fram’ in specified packages and libraries:
you could try ‘??read.data.fram’
> ?read.data.frame
No documentation for ‘read.data.frame’ in specified packages and libraries:
you could try ‘??read.data.frame’
> assignment1 <- read.data.table('c://hello//')
Error: could not find function "read.data.table"
> plot(mat2)
> plot(1, 2, 3, 4)
Error in plot.window(...) : invalid 'xlim' value
> plot(circle)
Error in plot(circle) : object 'circle' not found
> plot(circle((3,4), 5))
Error: unexpected ',' in "plot(circle((3,"
> plot(sqr(@))
Error: unexpected '@' in "plot(sqr(@"
> plot(sqr(2))
Error in plot(sqr(2)) : could not find function "sqr"
> plot(x^2 + y^2 = 5)
Error: unexpected '=' in "plot(x^2 + y^2 ="
> plot(a)
Error in plot(a) : object 'a' not found
> plot(mat4)
> x <- runif(100, 0, 1)
> x
  [1] 0.77771735 0.07720846 0.20074127 0.13962345 0.40867130 0.33853004
  [7] 0.37986845 0.35058153 0.27394824 0.89550983 0.86814815 0.19917927
 [13] 0.96788033 0.49887840 0.16165971 0.24787424 0.02213744 0.11701886
 [19] 0.71669119 0.97842425 0.63729735 0.90602800 0.32756378 0.03159171
 [25] 0.18339347 0.08331782 0.22575776 0.47589336 0.06470763 0.23458492
 [31] 0.85193584 0.84531983 0.44961723 0.01495928 0.52700435 0.10541894
 [37] 0.73864389 0.23798442 0.22910706 0.94154087 0.73148594 0.42975233
 [43] 0.56588919 0.44255026 0.13319557 0.39296651 0.63560995 0.15474570
 [49] 0.40079006 0.59814797 0.15508458 0.09803355 0.23438122 0.29359105
 [55] 0.78199339 0.53751613 0.98504590 0.46954934 0.71579898 0.97642017
 [61] 0.50760825 0.10583512 0.92913590 0.60989054 0.40730754 0.14312095
 [67] 0.47526883 0.54070819 0.71810881 0.58580416 0.86418339 0.43489276
 [73] 0.28186422 0.66032977 0.33237809 0.64680550 0.56110937 0.98946212
 [79] 0.75628625 0.95072015 0.59186942 0.80373851 0.04427963 0.57468728
 [85] 0.66355214 0.59992862 0.49004711 0.63365714 0.31923141 0.35513729
 [91] 0.04002380 0.31976350 0.95649370 0.16235120 0.13824403 0.93777403
 [97] 0.19175469 0.41565548 0.78483279 0.67287852
> mean <- x
> 
> mean
  [1] 0.77771735 0.07720846 0.20074127 0.13962345 0.40867130 0.33853004
  [7] 0.37986845 0.35058153 0.27394824 0.89550983 0.86814815 0.19917927
 [13] 0.96788033 0.49887840 0.16165971 0.24787424 0.02213744 0.11701886
 [19] 0.71669119 0.97842425 0.63729735 0.90602800 0.32756378 0.03159171
 [25] 0.18339347 0.08331782 0.22575776 0.47589336 0.06470763 0.23458492
 [31] 0.85193584 0.84531983 0.44961723 0.01495928 0.52700435 0.10541894
 [37] 0.73864389 0.23798442 0.22910706 0.94154087 0.73148594 0.42975233
 [43] 0.56588919 0.44255026 0.13319557 0.39296651 0.63560995 0.15474570
 [49] 0.40079006 0.59814797 0.15508458 0.09803355 0.23438122 0.29359105
 [55] 0.78199339 0.53751613 0.98504590 0.46954934 0.71579898 0.97642017
 [61] 0.50760825 0.10583512 0.92913590 0.60989054 0.40730754 0.14312095
 [67] 0.47526883 0.54070819 0.71810881 0.58580416 0.86418339 0.43489276
 [73] 0.28186422 0.66032977 0.33237809 0.64680550 0.56110937 0.98946212
 [79] 0.75628625 0.95072015 0.59186942 0.80373851 0.04427963 0.57468728
 [85] 0.66355214 0.59992862 0.49004711 0.63365714 0.31923141 0.35513729
 [91] 0.04002380 0.31976350 0.95649370 0.16235120 0.13824403 0.93777403
 [97] 0.19175469 0.41565548 0.78483279 0.67287852
> mean(x)
[1] 0.4766123
> mean
  [1] 0.77771735 0.07720846 0.20074127 0.13962345 0.40867130 0.33853004
  [7] 0.37986845 0.35058153 0.27394824 0.89550983 0.86814815 0.19917927
 [13] 0.96788033 0.49887840 0.16165971 0.24787424 0.02213744 0.11701886
 [19] 0.71669119 0.97842425 0.63729735 0.90602800 0.32756378 0.03159171
 [25] 0.18339347 0.08331782 0.22575776 0.47589336 0.06470763 0.23458492
 [31] 0.85193584 0.84531983 0.44961723 0.01495928 0.52700435 0.10541894
 [37] 0.73864389 0.23798442 0.22910706 0.94154087 0.73148594 0.42975233
 [43] 0.56588919 0.44255026 0.13319557 0.39296651 0.63560995 0.15474570
 [49] 0.40079006 0.59814797 0.15508458 0.09803355 0.23438122 0.29359105
 [55] 0.78199339 0.53751613 0.98504590 0.46954934 0.71579898 0.97642017
 [61] 0.50760825 0.10583512 0.92913590 0.60989054 0.40730754 0.14312095
 [67] 0.47526883 0.54070819 0.71810881 0.58580416 0.86418339 0.43489276
 [73] 0.28186422 0.66032977 0.33237809 0.64680550 0.56110937 0.98946212
 [79] 0.75628625 0.95072015 0.59186942 0.80373851 0.04427963 0.57468728
 [85] 0.66355214 0.59992862 0.49004711 0.63365714 0.31923141 0.35513729
 [91] 0.04002380 0.31976350 0.95649370 0.16235120 0.13824403 0.93777403
 [97] 0.19175469 0.41565548 0.78483279 0.67287852
> mass
Error: object 'mass' not found
> MASS
Error: object 'MASS' not found
starting httpd help server ... done
> library(MASS)
Warning messages:
1: '.find.package' is deprecated.
Use 'find.package' instead.
See help("Deprecated") 
2: '.find.package' is deprecated.
Use 'find.package' instead.
See help("Deprecated") 
> 